[36mvite v7.3.1 [32mbuilding client environment for production...[36m[39m
transforming...
[32mÔ£ô[39m 1919 modules transformed.
rendering chunks...
computing gzip size...
[2mdist/[22m[32mindex.html                 [39m[1m[2m  0.49 kB[22m[1m[22m[2m Ôöé gzip:   0.31 kB[22m
[2mdist/[22m[35massets/index-D-R7vKW1.css  [39m[1m[2m 55.40 kB[22m[1m[22m[2m Ôöé gzip:   9.93 kB[22m
[2mdist/[22m[36massets/index-D7b6LGwD.js   [39m[1m[2m452.62 kB[22m[1m[22m[2m Ôöé gzip: 145.78 kB[22m
[32mÔ£ô built in 12.75s[39m
